V3 3
FL C:/Users/Sysuser/Desktop/Practicles/shift_register/shift_register.vhd 2025/11/01.09:25:36 P.20131013
EN work/uni_shift1 1762014344 \
      FL C:/Users/Sysuser/Desktop/Practicles/shift_register/shift_register.vhd \
      PB ieee/std_logic_1164 1381692176
AR work/uni_shift1/Behavioral 1762014345 \
      FL C:/Users/Sysuser/Desktop/Practicles/shift_register/shift_register.vhd \
      EN work/uni_shift1 1762014344
